Line 1: flight_id,origin,destination,departure_datetime,arrival_datetime,price → invalid flight_id, invalid origin code, invalid destination code, invalid departure datetime, invalid arrival datetime, invalid price
Line 4: BADLINE,NO_DATE,NO_TIME → missing required fields
Line 5:  → comment line, ignored for data parsing
